../Core/Src/main.c:76:6:delay	16	static
../Core/Src/main.c:89:6:Set_Pin_Output	40	static
../Core/Src/main.c:98:6:Set_Pin_Input	40	static
../Core/Src/main.c:117:6:DHT11_Start	8	static
../Core/Src/main.c:127:9:DHT11_Check_Response	16	static
../Core/Src/main.c:145:9:DHT11_Read	16	static
../Core/Src/main.c:169:5:main	88	static
../Core/Src/main.c:276:6:SystemClock_Config	88	static
../Core/Src/main.c:322:13:MX_I2C1_Init	8	static
../Core/Src/main.c:356:13:MX_I2S3_Init	8	static
../Core/Src/main.c:390:13:MX_SPI1_Init	8	static
../Core/Src/main.c:428:13:MX_TIM6_Init	16	static
../Core/Src/main.c:466:13:MX_GPIO_Init	56	static
../Core/Src/main.c:582:6:Error_Handler	4	static,ignoring_inline_asm
